12:34:27 **** Auto Build of configuration Debug for project example_app ****
make pre-build main-build 
a9-linaro-pre-build-step
 
Building file: ../src/main.cc
Invoking: ARM v7 g++ compiler
arm-none-eabi-g++ -Wall -O0 -g3 -c -fmessage-length=0 -MT"src/main.o" -mcpu=cortex-a9 -mfpu=vfpv3 -mfloat-abi=hard -I../../example_app_bsp/ps7_cortexa9_0/include -MMD -MP -MF"src/main.d" -MT"src/main.o" -o "src/main.o" "../src/main.cc"
Finished building: ../src/main.cc
 
Building target: example_app.elf
Invoking: ARM v7 g++ linker
arm-none-eabi-g++ -mcpu=cortex-a9 -mfpu=vfpv3 -mfloat-abi=hard -Wl,-build-id=none -specs=Xilinx.spec -Wl,-T -Wl,../src/lscript.ld -L../../example_app_bsp/ps7_cortexa9_0/lib -o "example_app.elf"  ./src/audio.o ./src/audio_cppwrap.o ./src/main.o   -Wl,--start-group,-lxil,-lgcc,-lc,-lstdc++,--end-group
Finished building target: example_app.elf
 
Invoking: ARM v7 Print Size
arm-none-eabi-size example_app.elf  |tee "example_app.elf.size"
   text	   data	    bss	    dec	    hex	filename
 153108	   2608	  26000	 181716	  2c5d4	example_app.elf
Finished building: example_app.elf.size
 

12:34:28 Build Finished (took 218ms)

