12:06:33 **** Build of configuration Debug for project example_app_bsp_xiicps_polled_master_example_1 ****
make pre-build main-build 
a9-linaro-pre-build-step
 
Building file: ../src/xiicps_polled_master_example.c
Invoking: ARM v7 gcc compiler
arm-none-eabi-gcc -Wall -O0 -g3 -c -fmessage-length=0 -MT"src/xiicps_polled_master_example.o" -mcpu=cortex-a9 -mfpu=vfpv3 -mfloat-abi=hard -I../../example_app_bsp/ps7_cortexa9_0/include -MMD -MP -MF"src/xiicps_polled_master_example.d" -MT"src/xiicps_polled_master_example.o" -o "src/xiicps_polled_master_example.o" "../src/xiicps_polled_master_example.c"
Finished building: ../src/xiicps_polled_master_example.c
 
Building target: example_app_bsp_xiicps_polled_master_example_1.elf
Invoking: ARM v7 gcc linker
arm-none-eabi-gcc -mcpu=cortex-a9 -mfpu=vfpv3 -mfloat-abi=hard -Wl,-build-id=none -specs=Xilinx.spec -Wl,-T -Wl,../src/lscript.ld -L../../example_app_bsp/ps7_cortexa9_0/lib -o "example_app_bsp_xiicps_polled_master_example_1.elf"  ./src/xiicps_polled_master_example.o   -Wl,--start-group,-lxil,-lgcc,-lc,--end-group
Finished building target: example_app_bsp_xiicps_polled_master_example_1.elf
 
Invoking: ARM v7 Print Size
arm-none-eabi-size example_app_bsp_xiicps_polled_master_example_1.elf  |tee "example_app_bsp_xiicps_polled_master_example_1.elf.size"
   text	   data	    bss	    dec	    hex	filename
  29548	   1168	  22900	  53616	   d170	example_app_bsp_xiicps_polled_master_example_1.elf
Finished building: example_app_bsp_xiicps_polled_master_example_1.elf.size
 

12:06:33 Build Finished (took 206ms)

